2025-11-24 10:45:03,628 INFO o.a.j.u.JMeterUtils: Setting Locale to en_EN
2025-11-24 10:45:03,644 INFO o.a.j.JMeter: Loading user properties from: /tmp/apache-jmeter-5.6.3/bin/user.properties
2025-11-24 10:45:03,644 INFO o.a.j.JMeter: Loading system properties from: /tmp/apache-jmeter-5.6.3/bin/system.properties
2025-11-24 10:45:03,649 INFO o.a.j.JMeter: Copyright (c) 1998-2024 The Apache Software Foundation
2025-11-24 10:45:03,649 INFO o.a.j.JMeter: Version 5.6.3
2025-11-24 10:45:03,649 INFO o.a.j.JMeter: java.version=21.0.8
2025-11-24 10:45:03,649 INFO o.a.j.JMeter: java.vm.name=OpenJDK 64-Bit Server VM
2025-11-24 10:45:03,649 INFO o.a.j.JMeter: os.name=Linux
2025-11-24 10:45:03,649 INFO o.a.j.JMeter: os.arch=amd64
2025-11-24 10:45:03,649 INFO o.a.j.JMeter: os.version=6.17.8-arch1-1
2025-11-24 10:45:03,649 INFO o.a.j.JMeter: file.encoding=UTF-8
2025-11-24 10:45:03,650 INFO o.a.j.JMeter: java.awt.headless=true
2025-11-24 10:45:03,650 INFO o.a.j.JMeter: Max memory     =1073741824
2025-11-24 10:45:03,650 INFO o.a.j.JMeter: Available Processors =16
2025-11-24 10:45:03,658 INFO o.a.j.JMeter: Default Locale=English (EN)
2025-11-24 10:45:03,658 INFO o.a.j.JMeter: JMeter  Locale=English (EN)
2025-11-24 10:45:03,658 INFO o.a.j.JMeter: JMeterHome=/tmp/apache-jmeter-5.6.3
2025-11-24 10:45:03,658 INFO o.a.j.JMeter: user.dir  =/workspaces/is-labs-itmo
2025-11-24 10:45:03,658 INFO o.a.j.JMeter: PWD       =/workspaces/is-labs-itmo
2025-11-24 10:45:03,659 INFO o.a.j.JMeter: IP: 172.17.0.2 Name: c5eb287a54bf FullName: c5eb287a54bf
2025-11-24 10:45:03,670 INFO o.a.j.s.FileServer: Default base='/workspaces/is-labs-itmo'
2025-11-24 10:45:03,672 INFO o.a.j.s.FileServer: Set new base='/workspaces/is-labs-itmo/ci/jmeter'
2025-11-24 10:45:03,857 INFO o.a.j.s.SaveService: Testplan (JMX) version: 2.2. Testlog (JTL) version: 2.2
2025-11-24 10:45:03,890 INFO o.a.j.s.SaveService: Using SaveService properties version 5.0
2025-11-24 10:45:03,893 INFO o.a.j.s.SaveService: Using SaveService properties file encoding UTF-8
2025-11-24 10:45:03,897 INFO o.a.j.s.SaveService: Loading file: ci/jmeter/ticket-system-test-plan.jmx
2025-11-24 10:45:03,961 INFO o.a.j.p.h.s.HTTPSamplerBase: Parser for text/html is org.apache.jmeter.protocol.http.parser.LagartoBasedHtmlParser
2025-11-24 10:45:03,961 INFO o.a.j.p.h.s.HTTPSamplerBase: Parser for application/xhtml+xml is org.apache.jmeter.protocol.http.parser.LagartoBasedHtmlParser
2025-11-24 10:45:03,962 INFO o.a.j.p.h.s.HTTPSamplerBase: Parser for application/xml is org.apache.jmeter.protocol.http.parser.LagartoBasedHtmlParser
2025-11-24 10:45:03,962 INFO o.a.j.p.h.s.HTTPSamplerBase: Parser for text/xml is org.apache.jmeter.protocol.http.parser.LagartoBasedHtmlParser
2025-11-24 10:45:03,962 INFO o.a.j.p.h.s.HTTPSamplerBase: Parser for text/vnd.wap.wml is org.apache.jmeter.protocol.http.parser.RegexpHTMLParser
2025-11-24 10:45:03,962 INFO o.a.j.p.h.s.HTTPSamplerBase: Parser for text/css is org.apache.jmeter.protocol.http.parser.CssParser
2025-11-24 10:45:04,006 INFO o.a.j.JMeter: Creating summariser <summary>
2025-11-24 10:45:04,020 INFO o.a.j.e.StandardJMeterEngine: Running the test!
2025-11-24 10:45:04,021 INFO o.a.j.s.SampleEvent: List of sample_variables: []
2025-11-24 10:45:04,021 INFO o.a.j.s.SampleEvent: List of sample_variables: []
2025-11-24 10:45:04,025 INFO o.a.j.e.u.CompoundVariable: Note: Function class names must contain the string: '.functions.'
2025-11-24 10:45:04,025 INFO o.a.j.e.u.CompoundVariable: Note: Function class names must not contain the string: '.gui.'
2025-11-24 10:45:04,194 INFO o.a.j.JMeter: Running test (1763981104194)
2025-11-24 10:45:04,244 INFO o.a.j.e.StandardJMeterEngine: Starting ThreadGroup: 1 : Ticket API Users
2025-11-24 10:45:04,244 INFO o.a.j.e.StandardJMeterEngine: Starting 5 threads for group Ticket API Users.
2025-11-24 10:45:04,245 INFO o.a.j.e.StandardJMeterEngine: Thread will continue on error
2025-11-24 10:45:04,245 INFO o.a.j.t.ThreadGroup: Starting thread group... number=1 threads=5 ramp-up=5 delayedStart=false
2025-11-24 10:45:04,262 INFO o.a.j.t.JMeterThread: Thread started: Ticket API Users 1-1
2025-11-24 10:45:04,265 INFO o.a.j.t.ThreadGroup: Started thread group number 1
2025-11-24 10:45:04,265 INFO o.a.j.e.StandardJMeterEngine: All thread groups have been started
2025-11-24 10:45:04,290 INFO o.a.j.p.h.s.HTTPHCAbstractImpl: Local host = c5eb287a54bf
2025-11-24 10:45:04,297 INFO o.a.j.p.h.s.HTTPHC4Impl: HTTP request retry count = 0
2025-11-24 10:45:04,300 INFO o.a.j.s.SampleResult: Note: Sample TimeStamps are START times
2025-11-24 10:45:04,300 INFO o.a.j.s.SampleResult: sampleresult.default.encoding is set to UTF-8
2025-11-24 10:45:04,300 INFO o.a.j.s.SampleResult: sampleresult.useNanoTime=true
2025-11-24 10:45:04,300 INFO o.a.j.s.SampleResult: sampleresult.nanoThreadSleep=5000
2025-11-24 10:45:04,564 INFO o.a.j.r.Summariser: summary +      1 in 00:00:00 =    2.7/s Avg:   199 Min:   199 Max:   199 Err:     0 (0.00%) Active: 1 Started: 1 Finished: 0
2025-11-24 10:45:05,253 INFO o.a.j.t.JMeterThread: Thread started: Ticket API Users 1-2
2025-11-24 10:45:05,768 INFO o.a.j.t.JMeterThread: Thread is done: Ticket API Users 1-1
2025-11-24 10:45:05,768 INFO o.a.j.t.JMeterThread: Thread finished: Ticket API Users 1-1
2025-11-24 10:45:06,188 INFO o.a.j.t.JMeterThread: Thread is done: Ticket API Users 1-2
2025-11-24 10:45:06,188 INFO o.a.j.t.JMeterThread: Thread finished: Ticket API Users 1-2
2025-11-24 10:45:06,250 INFO o.a.j.t.JMeterThread: Thread started: Ticket API Users 1-3
2025-11-24 10:45:07,136 INFO o.a.j.t.JMeterThread: Thread is done: Ticket API Users 1-3
2025-11-24 10:45:07,136 INFO o.a.j.t.JMeterThread: Thread finished: Ticket API Users 1-3
2025-11-24 10:45:07,252 INFO o.a.j.t.JMeterThread: Thread started: Ticket API Users 1-4
2025-11-24 10:45:08,248 INFO o.a.j.t.JMeterThread: Thread started: Ticket API Users 1-5
2025-11-24 10:45:08,280 INFO o.a.j.t.JMeterThread: Thread is done: Ticket API Users 1-4
2025-11-24 10:45:08,280 INFO o.a.j.t.JMeterThread: Thread finished: Ticket API Users 1-4
2025-11-24 10:45:09,131 INFO o.a.j.t.JMeterThread: Thread is done: Ticket API Users 1-5
2025-11-24 10:45:09,131 INFO o.a.j.t.JMeterThread: Thread finished: Ticket API Users 1-5
2025-11-24 10:45:09,132 INFO o.a.j.e.StandardJMeterEngine: Notifying test listeners of end of test
2025-11-24 10:45:09,132 INFO o.a.j.r.Summariser: summary +     44 in 00:00:05 =    9.6/s Avg:   110 Min:    70 Max:   234 Err:     0 (0.00%) Active: 0 Started: 5 Finished: 5
2025-11-24 10:45:09,133 INFO o.a.j.r.Summariser: summary =     45 in 00:00:05 =    9.1/s Avg:   112 Min:    70 Max:   234 Err:     0 (0.00%)
